// Jest Snapshot v1, https://goo.gl/fbAQLP

exports[`should render demo and match snapshot 1`] = `
<div class="van-tabs van-tabs--line">
  <div class="van-tabs__wrap">
    <div role="tablist"
         class="van-tabs__nav van-tabs__nav--line"
         aria-orientation="horizontal"
    >
      <div id="van-tabs-1-0"
           role="tab"
           class="van-tab van-tab--active"
           tabindex="0"
           aria-selected="true"
           aria-controls="van-tab-2"
      >
        <span class="van-tab__text van-tab__text--ellipsis">
          Basic Usage
        </span>
      </div>
      <div id="van-tabs-1-1"
           role="tab"
           class="van-tab"
           tabindex="-1"
           aria-selected="false"
           aria-controls="van-tab-3"
      >
        <span class="van-tab__text van-tab__text--ellipsis">
          Success Tip
        </span>
      </div>
      <div id="van-tabs-1-2"
           role="tab"
           class="van-tab"
           tabindex="-1"
           aria-selected="false"
           aria-controls="van-tab-4"
      >
        <span class="van-tab__text van-tab__text--ellipsis">
          Custom Tips
        </span>
      </div>
      <div class="van-tabs__line"
           style="transform: translateX(50px) translateX(-50%);"
      >
      </div>
    </div>
  </div>
  <div class="van-tabs__content">
    <div id="van-tab-2"
         role="tabpanel"
         class="van-tab__pane"
         tabindex="0"
         aria-labelledby="van-tabs-1-0"
         style
    >
      <div class="van-pull-refresh">
        <div class="van-pull-refresh__track"
             style="transition-duration: 0ms;"
        >
          <div class="van-pull-refresh__head">
          </div>
          <p>
            Try it down
          </p>
        </div>
      </div>
    </div>
    <div id="van-tab-3"
         role="tabpanel"
         class="van-tab__pane"
         tabindex="-1"
         aria-labelledby="van-tabs-1-1"
         style="display: none;"
    >
    </div>
    <div id="van-tab-4"
         role="tabpanel"
         class="van-tab__pane"
         tabindex="-1"
         aria-labelledby="van-tabs-1-2"
         style="display: none;"
    >
    </div>
  </div>
</div>
`;
