// Jest Snapshot v1, https://goo.gl/fbAQLP

exports[`render image 1`] = `
<div class="van-image-preview" style="display: none;">
  <div class="van-swipe">
    <div class="van-swipe__track" style="width: 0px;">
      <div class="van-swipe-item" style="width: 0px; height: 100%;">
        <img src="https://img.yzcdn.cn/upload_files/2017/03/15/FkubrzN7AgGwLlTeb1E89-T_ZjBg.png" class="van-image-preview__image">
      </div>
      <div class="van-swipe-item" style="width: 0px; height: 100%;">
        <img src="https://img.yzcdn.cn/upload_files/2017/03/14/FmTPs0SeyQaAOSK1rRe1sL8RcwSY.jpeg" class="van-image-preview__image">
      </div>
      <div class="van-swipe-item" style="width: 0px; height: 100%;">
        <img src="https://img.yzcdn.cn/upload_files/2017/03/15/FvexrWlG_WxtCE9Omo5l27n_mAG_.jpeg" class="van-image-preview__image">
      </div>
    </div>
    <!---->
  </div>
</div>
`;
