// Jest Snapshot v1, https://goo.gl/fbAQLP

exports[`should render demo and match snapshot 1`] = `
<div>
  <div class="van-cell van-cell--clickable"
       role="button"
       tabindex="0"
  >
    <div class="van-cell__title">
      <span>
        Show Popup
      </span>
    </div>
    <i class="van-badge__wrapper van-icon van-icon-arrow van-cell__right-icon">
    </i>
  </div>
  <transition-stub name="van-fade"
                   appear="true"
                   persisted="false"
                   css="true"
                   role="button"
                   tabindex="0"
  >
  </transition-stub>
  <transition-stub name="van-fade"
                   appear="false"
                   persisted="false"
                   css="true"
  >
  </transition-stub>
</div>
<div>
  <div class="van-cell van-cell--clickable"
       role="button"
       tabindex="0"
  >
    <div class="van-cell__title">
      <span>
        From Top
      </span>
    </div>
    <i class="van-badge__wrapper van-icon van-icon-arrow van-cell__right-icon">
    </i>
  </div>
  <div class="van-cell van-cell--clickable"
       role="button"
       tabindex="0"
  >
    <div class="van-cell__title">
      <span>
        From Bottom
      </span>
    </div>
    <i class="van-badge__wrapper van-icon van-icon-arrow van-cell__right-icon">
    </i>
  </div>
  <div class="van-cell van-cell--clickable"
       role="button"
       tabindex="0"
  >
    <div class="van-cell__title">
      <span>
        From Left
      </span>
    </div>
    <i class="van-badge__wrapper van-icon van-icon-arrow van-cell__right-icon">
    </i>
  </div>
  <div class="van-cell van-cell--clickable"
       role="button"
       tabindex="0"
  >
    <div class="van-cell__title">
      <span>
        From Right
      </span>
    </div>
    <i class="van-badge__wrapper van-icon van-icon-arrow van-cell__right-icon">
    </i>
  </div>
  <transition-stub name="van-fade"
                   appear="true"
                   persisted="false"
                   css="true"
                   role="button"
                   tabindex="0"
  >
  </transition-stub>
  <transition-stub name="van-popup-slide-top"
                   appear="false"
                   persisted="false"
                   css="true"
  >
  </transition-stub>
  <transition-stub name="van-fade"
                   appear="true"
                   persisted="false"
                   css="true"
                   role="button"
                   tabindex="0"
  >
  </transition-stub>
  <transition-stub name="van-popup-slide-bottom"
                   appear="false"
                   persisted="false"
                   css="true"
  >
  </transition-stub>
  <transition-stub name="van-fade"
                   appear="true"
                   persisted="false"
                   css="true"
                   role="button"
                   tabindex="0"
  >
  </transition-stub>
  <transition-stub name="van-popup-slide-left"
                   appear="false"
                   persisted="false"
                   css="true"
  >
  </transition-stub>
  <transition-stub name="van-fade"
                   appear="true"
                   persisted="false"
                   css="true"
                   role="button"
                   tabindex="0"
  >
  </transition-stub>
  <transition-stub name="van-popup-slide-right"
                   appear="false"
                   persisted="false"
                   css="true"
  >
  </transition-stub>
</div>
<div>
  <div class="van-cell van-cell--clickable"
       role="button"
       tabindex="0"
  >
    <div class="van-cell__title">
      <span>
        Close Icon
      </span>
    </div>
    <i class="van-badge__wrapper van-icon van-icon-arrow van-cell__right-icon">
    </i>
  </div>
  <div class="van-cell van-cell--clickable"
       role="button"
       tabindex="0"
  >
    <div class="van-cell__title">
      <span>
        Custom Icon
      </span>
    </div>
    <i class="van-badge__wrapper van-icon van-icon-arrow van-cell__right-icon">
    </i>
  </div>
  <div class="van-cell van-cell--clickable"
       role="button"
       tabindex="0"
  >
    <div class="van-cell__title">
      <span>
        Icon Position
      </span>
    </div>
    <i class="van-badge__wrapper van-icon van-icon-arrow van-cell__right-icon">
    </i>
  </div>
  <transition-stub name="van-fade"
                   appear="true"
                   persisted="false"
                   css="true"
                   role="button"
                   tabindex="0"
  >
  </transition-stub>
  <transition-stub name="van-popup-slide-bottom"
                   appear="false"
                   persisted="false"
                   css="true"
  >
  </transition-stub>
  <transition-stub name="van-fade"
                   appear="true"
                   persisted="false"
                   css="true"
                   role="button"
                   tabindex="0"
  >
  </transition-stub>
  <transition-stub name="van-popup-slide-bottom"
                   appear="false"
                   persisted="false"
                   css="true"
  >
  </transition-stub>
  <transition-stub name="van-fade"
                   appear="true"
                   persisted="false"
                   css="true"
                   role="button"
                   tabindex="0"
  >
  </transition-stub>
  <transition-stub name="van-popup-slide-bottom"
                   appear="false"
                   persisted="false"
                   css="true"
  >
  </transition-stub>
</div>
<div>
  <div class="van-cell van-cell--clickable"
       role="button"
       tabindex="0"
  >
    <div class="van-cell__title">
      <span>
        Round Corner
      </span>
    </div>
    <i class="van-badge__wrapper van-icon van-icon-arrow van-cell__right-icon">
    </i>
  </div>
  <transition-stub name="van-fade"
                   appear="true"
                   persisted="false"
                   css="true"
                   role="button"
                   tabindex="0"
  >
  </transition-stub>
  <transition-stub name="van-popup-slide-bottom"
                   appear="false"
                   persisted="false"
                   css="true"
  >
  </transition-stub>
</div>
<div>
  <div class="van-cell van-cell--clickable"
       role="button"
       tabindex="0"
  >
    <div class="van-cell__title">
      <span>
        Get Container
      </span>
    </div>
    <i class="van-badge__wrapper van-icon van-icon-arrow van-cell__right-icon">
    </i>
  </div>
</div>
`;
