// Jest Snapshot v1, https://goo.gl/fbAQLP

exports[`disable auto-start prop 1`] = `<div class="van-count-down">100</div>`;
