// Jest Snapshot v1, https://goo.gl/fbAQLP

exports[`renders swipe correctly 1`] = `
<section class="van-doc-demo-section demo-swipe" style="background:undefined;">
  <section class="van-doc-demo-block">
    <h2 class="van-doc-demo-block__title">基础用法</h2>
    <div class="van-swipe">
      <div class="van-swipe__track">
        <div class="van-swipe-item" style="width:0px;height:100%;transform:translateX(0px);">1</div>
        <div class="van-swipe-item" style="width:0px;height:100%;transform:translateX(0px);">2</div>
        <div class="van-swipe-item" style="width:0px;height:100%;transform:translateX(0px);">3</div>
        <div class="van-swipe-item" style="width:0px;height:100%;transform:translateX(0px);">4</div>
      </div>
      <!---->
    </div>
  </section>
  <section class="van-doc-demo-block">
    <h2 class="van-doc-demo-block__title">图片懒加载</h2>
    <div class="van-swipe">
      <div class="van-swipe__track">
        <div class="van-swipe-item" style="width:0px;height:100%;transform:translateX(0px);">
          <img>
        </div>
        <div class="van-swipe-item" style="width:0px;height:100%;transform:translateX(0px);">
          <img>
        </div>
        <div class="van-swipe-item" style="width:0px;height:100%;transform:translateX(0px);">
          <img>
        </div>
        <div class="van-swipe-item" style="width:0px;height:100%;transform:translateX(0px);">
          <img>
        </div>
      </div>
      <!---->
    </div>
  </section>
  <section class="van-doc-demo-block">
    <h2 class="van-doc-demo-block__title">监听 change 事件</h2>
    <div class="van-swipe">
      <div class="van-swipe__track">
        <div class="van-swipe-item" style="width:0px;height:100%;transform:translateX(0px);">1</div>
        <div class="van-swipe-item" style="width:0px;height:100%;transform:translateX(0px);">2</div>
        <div class="van-swipe-item" style="width:0px;height:100%;transform:translateX(0px);">3</div>
        <div class="van-swipe-item" style="width:0px;height:100%;transform:translateX(0px);">4</div>
      </div>
      <!---->
    </div>
  </section>
  <section class="van-doc-demo-block">
    <h2 class="van-doc-demo-block__title">纵向滚动</h2>
    <div class="van-swipe">
      <div class="van-swipe__track">
        <div class="van-swipe-item" style="width:0px;height:0px;transform:translateY(0px);">1</div>
        <div class="van-swipe-item" style="width:0px;height:0px;transform:translateY(0px);">2</div>
        <div class="van-swipe-item" style="width:0px;height:0px;transform:translateY(0px);">3</div>
        <div class="van-swipe-item" style="width:0px;height:0px;transform:translateY(0px);">4</div>
      </div>
      <!---->
    </div>
  </section>
</section>
`;
