// Jest Snapshot v1, https://goo.gl/fbAQLP

exports[`renders radio correctly 1`] = `
<section class="van-doc-demo-section demo-radio" style="background:undefined;">
  <section class="van-doc-demo-block">
    <h2 class="van-doc-demo-block__title">基础用法</h2>
    <div class="demo-radio-group van-radio-group">
      <div class="van-radio"><span class="van-radio__input"><input type="radio" value="1" checked="checked" class="van-radio__control"> <i class="van-icon van-icon-checked" style="color:undefined;"> <!----></i></span> <span class="van-radio__label">单选框 1</span></div>
      <div class="van-radio"><span class="van-radio__input"><input type="radio" value="2" class="van-radio__control"> <i class="van-icon van-icon-check" style="color:undefined;"> <!----></i></span> <span class="van-radio__label">单选框 2</span></div>
    </div>
  </section>
  <section class="van-doc-demo-block">
    <h2 class="van-doc-demo-block__title">禁用状态</h2>
    <div class="demo-radio-group van-radio-group">
      <div class="van-radio van-radio--disabled"><span class="van-radio__input"><input type="radio" disabled="disabled" value="1" class="van-radio__control"> <i class="van-icon van-icon-check" style="color:undefined;"> <!----></i></span> <span class="van-radio__label">单选框 1</span></div>
      <div class="van-radio van-radio--disabled"><span class="van-radio__input"><input type="radio" disabled="disabled" value="2" checked="checked" class="van-radio__control"> <i class="van-icon van-icon-checked" style="color:undefined;"> <!----></i></span> <span class="van-radio__label">单选框 2</span></div>
    </div>
  </section>
  <section class="van-doc-demo-block">
    <h2 class="van-doc-demo-block__title">与 Cell 组件一起使用</h2>
    <div class="van-radio-group">
      <div class="van-cell-group van-hairline--top-bottom">
        <div class="van-cell van-cell--clickable van-hairline">
          <!---->
          <div class="van-cell__title"><span>单选框1</span>
            <!---->
          </div>
          <div class="van-cell__value">
            <div class="van-radio"><span class="van-radio__input"><input type="radio" value="1" checked="checked" class="van-radio__control"> <i class="van-icon van-icon-checked" style="color:undefined;"> <!----></i></span>
              <!---->
            </div>
          </div>
          <!---->
        </div>
        <div class="van-cell van-cell--clickable van-hairline">
          <!---->
          <div class="van-cell__title"><span>单选框2</span>
            <!---->
          </div>
          <div class="van-cell__value">
            <div class="van-radio"><span class="van-radio__input"><input type="radio" value="2" class="van-radio__control"> <i class="van-icon van-icon-check" style="color:undefined;"> <!----></i></span>
              <!---->
            </div>
          </div>
          <!---->
        </div>
      </div>
    </div>
  </section>
</section>
`;
