// Jest Snapshot v1, https://goo.gl/fbAQLP

exports[`should auto play when only list props 1`] = `
<div class="van-barrage">
  <div class="video"
       style="width: 100%; height: 150px;"
  >
  </div>
</div>
`;

exports[`should not auto play use play function when use play function 1`] = `
<div class="van-barrage">
  <div class="video"
       style="width: 100%; height: 150px;"
  >
  </div>
</div>
`;
