// Jest Snapshot v1, https://goo.gl/fbAQLP

exports[`renders checkbox correctly 1`] = `
<section class="van-doc-demo-section demo-checkbox" style="background:undefined;">
  <section class="van-doc-demo-block">
    <h2 class="van-doc-demo-block__title">基础用法</h2>
    <div class="van-checkbox">
      <i class="van-icon van-icon-success van-checkbox__icon van-checkbox--round van-checkbox--checked">
        <!---->
      </i> <span class="van-checkbox__label">复选框</span></div>
  </section>
  <section class="van-doc-demo-block">
    <h2 class="van-doc-demo-block__title">禁用状态</h2>
    <div class="van-checkbox">
      <i class="van-icon van-icon-success van-checkbox__icon van-checkbox--round van-checkbox--disabled">
        <!---->
      </i> <span class="van-checkbox__label">复选框</span></div>
    <div class="van-checkbox">
      <i class="van-icon van-icon-success van-checkbox__icon van-checkbox--round van-checkbox--disabled van-checkbox--checked">
        <!---->
      </i> <span class="van-checkbox__label">复选框</span></div>
  </section>
  <section class="van-doc-demo-block">
    <h2 class="van-doc-demo-block__title">禁用内容部分点击事件</h2>
    <div class="van-checkbox">
      <i class="van-icon van-icon-success van-checkbox__icon van-checkbox--round van-checkbox--checked">
        <!---->
      </i> <span class="van-checkbox__label">复选框</span></div>
  </section>
  <section class="van-doc-demo-block">
    <h2 class="van-doc-demo-block__title">Checkbox 组</h2>
    <div class="van-checkbox-group">
      <div class="van-checkbox">
        <i class="van-icon van-icon-success van-checkbox__icon van-checkbox--round van-checkbox--checked">
          <!---->
        </i> <span class="van-checkbox__label">
        复选框 a
      </span></div>
      <div class="van-checkbox">
        <i class="van-icon van-icon-success van-checkbox__icon van-checkbox--round van-checkbox--checked">
          <!---->
        </i> <span class="van-checkbox__label">
        复选框 b
      </span></div>
      <div class="van-checkbox">
        <i class="van-icon van-icon-success van-checkbox__icon van-checkbox--round">
          <!---->
        </i> <span class="van-checkbox__label">
        复选框 c
      </span></div>
    </div>
  </section>
  <section class="van-doc-demo-block">
    <h2 class="van-doc-demo-block__title">设置最大可选数</h2>
    <div class="van-checkbox-group">
      <div class="van-checkbox">
        <i class="van-icon van-icon-success van-checkbox__icon van-checkbox--round">
          <!---->
        </i> <span class="van-checkbox__label">
        复选框 a
      </span></div>
      <div class="van-checkbox">
        <i class="van-icon van-icon-success van-checkbox__icon van-checkbox--round">
          <!---->
        </i> <span class="van-checkbox__label">
        复选框 b
      </span></div>
      <div class="van-checkbox">
        <i class="van-icon van-icon-success van-checkbox__icon van-checkbox--round">
          <!---->
        </i> <span class="van-checkbox__label">
        复选框 c
      </span></div>
    </div>
  </section>
  <section class="van-doc-demo-block">
    <h2 class="van-doc-demo-block__title">与 Cell 组件一起使用</h2>
    <div class="van-checkbox-group">
      <div class="van-cell-group van-hairline--top-bottom">
        <div class="van-cell van-hairline">
          <!---->
          <div class="van-cell__title"><span>复选框a</span>
            <!---->
          </div>
          <div class="van-cell__value">
            <div class="van-checkbox">
              <i class="van-icon van-icon-success van-checkbox__icon van-checkbox--round">
                <!---->
              </i>
              <!---->
            </div>
          </div>
          <!---->
        </div>
        <div class="van-cell van-hairline">
          <!---->
          <div class="van-cell__title"><span>复选框b</span>
            <!---->
          </div>
          <div class="van-cell__value">
            <div class="van-checkbox">
              <i class="van-icon van-icon-success van-checkbox__icon van-checkbox--round">
                <!---->
              </i>
              <!---->
            </div>
          </div>
          <!---->
        </div>
        <div class="van-cell van-hairline">
          <!---->
          <div class="van-cell__title"><span>复选框c</span>
            <!---->
          </div>
          <div class="van-cell__value">
            <div class="van-checkbox">
              <i class="van-icon van-icon-success van-checkbox__icon van-checkbox--round">
                <!---->
              </i>
              <!---->
            </div>
          </div>
          <!---->
        </div>
      </div>
    </div>
  </section>
</section>
`;
