// Jest Snapshot v1, https://goo.gl/fbAQLP

exports[`renders cell correctly 1`] = `
<section class="van-doc-demo-section demo-cell" style="background:undefined;">
  <section class="van-doc-demo-block">
    <h2 class="van-doc-demo-block__title">基础用法</h2>
    <div class="van-cell-group van-hairline--top-bottom">
      <div class="van-cell van-hairline">
        <!---->
        <div class="van-cell__title"><span>单元格</span>
          <!---->
        </div>
        <div class="van-cell__value"><span>内容</span></div>
        <!---->
      </div>
      <div class="van-cell van-hairline">
        <!---->
        <div class="van-cell__title"><span>单元格</span>
          <div class="van-cell__label">描述信息</div>
        </div>
        <div class="van-cell__value"><span>内容</span></div>
        <!---->
      </div>
    </div>
  </section>
  <section class="van-doc-demo-block">
    <h2 class="van-doc-demo-block__title">只设置 value</h2>
    <div class="van-cell-group van-hairline--top-bottom">
      <div class="van-cell van-hairline">
        <!---->
        <!---->
        <div class="van-cell__value van-cell__value--alone"><span>内容</span></div>
        <!---->
      </div>
    </div>
  </section>
  <section class="van-doc-demo-block">
    <h2 class="van-doc-demo-block__title">展示图标</h2>
    <div class="van-cell-group van-hairline--top-bottom">
      <div class="van-cell van-hairline">
        <i class="van-icon van-icon-location van-cell__left-icon">
          <!---->
        </i>
        <div class="van-cell__title"><span>单元格</span>
          <!---->
        </div>
        <!---->
        <!---->
      </div>
    </div>
  </section>
  <section class="van-doc-demo-block">
    <h2 class="van-doc-demo-block__title">展示箭头</h2>
    <div class="van-cell-group van-hairline--top-bottom">
      <div class="van-cell van-cell--clickable van-hairline">
        <!---->
        <div class="van-cell__title"><span>单元格</span>
          <!---->
        </div>
        <!---->
        <i class="van-icon van-icon-arrow van-cell__right-icon">
          <!---->
        </i>
      </div>
      <div class="van-cell van-cell--clickable van-hairline">
        <!---->
        <div class="van-cell__title"><span>单元格</span>
          <!---->
        </div>
        <div class="van-cell__value"><span>内容</span></div>
        <i class="van-icon van-icon-arrow van-cell__right-icon">
          <!---->
        </i>
      </div>
    </div>
  </section>
  <section class="van-doc-demo-block">
    <h2 class="van-doc-demo-block__title">高级用法</h2>
    <div class="van-cell-group van-hairline--top-bottom">
      <div class="van-cell van-cell--clickable van-hairline">
        <i class="van-icon van-icon-shop van-cell__left-icon">
          <!---->
        </i>
        <div class="van-cell__title"><span class="van-cell-text">单元格</span> <span class="van-hairline--surround van-tag van-tag--danger">标签</span></div>
        <div class="van-cell__value"><span>内容</span></div>
        <i class="van-icon van-icon-arrow van-cell__right-icon">
          <!---->
        </i>
      </div>
      <div class="van-cell van-cell--clickable van-hairline">
        <i class="van-icon van-icon-location van-cell__left-icon">
          <!---->
        </i>
        <div class="van-cell__title"><span>单元格</span>
          <!---->
        </div>
        <!---->
        <i class="van-icon van-icon-arrow van-cell__right-icon">
          <!---->
        </i>
      </div>
      <div class="van-cell van-hairline">
        <!---->
        <div class="van-cell__title"><span>单元格</span>
          <!---->
        </div>
        <!---->
        <i class="van-cell__right-icon van-icon van-icon-search">
          <!---->
        </i>
      </div>
    </div>
  </section>
</section>
`;
