// Jest Snapshot v1, https://goo.gl/fbAQLP

exports[`BigBtn render default slot 1`] = `<button class="van-button van-button--warning van-button--large van-button--square van-goods-action-big-btn"><span class="van-button__text">Default Content</span></button>`;

exports[`Mini render default slot 1`] = `
<div class="van-goods-action-mini-btn van-hairline"><i class="van-icon van-icon-undefined van-goods-action-mini-btn__icon">
    <!----></i>Default Content</div>
`;
