// Jest Snapshot v1, https://goo.gl/fbAQLP

exports[`custom anchor text 1`] = `
<div class="van-index-bar">
  <div class="van-index-bar__sidebar" style="z-index: 1;"><span data-idx="0" data-index="A" class="van-index-bar__index">A</span><span data-idx="1" data-index="B" class="van-index-bar__index">B</span><span data-idx="2" data-index="C" class="van-index-bar__index">C</span><span data-idx="3" data-index="D" class="van-index-bar__index">D</span><span data-idx="4" data-index="E" class="van-index-bar__index">E</span><span data-idx="5" data-index="F" class="van-index-bar__index">F</span><span data-idx="6" data-index="G" class="van-index-bar__index">G</span><span data-idx="7" data-index="H" class="van-index-bar__index">H</span><span data-idx="8" data-index="I" class="van-index-bar__index">I</span><span data-idx="9" data-index="J" class="van-index-bar__index">J</span><span data-idx="10" data-index="K" class="van-index-bar__index">K</span><span data-idx="11" data-index="L" class="van-index-bar__index">L</span><span data-idx="12" data-index="M" class="van-index-bar__index">M</span><span data-idx="13" data-index="N" class="van-index-bar__index">N</span><span data-idx="14" data-index="O" class="van-index-bar__index">O</span><span data-idx="15" data-index="P" class="van-index-bar__index">P</span><span data-idx="16" data-index="Q" class="van-index-bar__index">Q</span><span data-idx="17" data-index="R" class="van-index-bar__index">R</span><span data-idx="18" data-index="S" class="van-index-bar__index">S</span><span data-idx="19" data-index="T" class="van-index-bar__index">T</span><span data-idx="20" data-index="U" class="van-index-bar__index">U</span><span data-idx="21" data-index="V" class="van-index-bar__index">V</span><span data-idx="22" data-index="W" class="van-index-bar__index">W</span><span data-idx="23" data-index="X" class="van-index-bar__index">X</span><span data-idx="24" data-index="Y" class="van-index-bar__index">Y</span><span data-idx="25" data-index="Z" class="van-index-bar__index">Z</span></div>
  <div>
    <div class="van-index-anchor">Title A</div>
  </div>
  <div>
    <div class="van-index-anchor">Title B</div>
  </div>
</div>
`;
