// Jest Snapshot v1, https://goo.gl/fbAQLP

exports[`should render demo and match snapshot 1`] = `
<div>
  <div class="van-row">
    <div class="van-col van-col--8">
      span: 8
    </div>
    <div class="van-col van-col--8">
      span: 8
    </div>
    <div class="van-col van-col--8">
      span: 8
    </div>
  </div>
  <div class="van-row">
    <div class="van-col van-col--4">
      span: 4
    </div>
    <div class="van-col van-col--10 van-col--offset-4">
      offset: 4, span: 10
    </div>
  </div>
  <div class="van-row">
    <div class="van-col van-col--12 van-col--offset-12">
      offset: 12, span: 12
    </div>
  </div>
</div>
<div>
  <div style="margin-left: -10px; margin-right: -10px;"
       class="van-row"
  >
    <div style="padding-left: 10px; padding-right: 10px;"
         class="van-col van-col--8"
    >
      span: 8
    </div>
    <div style="padding-left: 10px; padding-right: 10px;"
         class="van-col van-col--8"
    >
      span: 8
    </div>
    <div style="padding-left: 10px; padding-right: 10px;"
         class="van-col van-col--8"
    >
      span: 8
    </div>
  </div>
</div>
<div>
  <div class="van-row van-row--justify-center">
    <div class="van-col van-col--6">
      span: 6
    </div>
    <div class="van-col van-col--6">
      span: 6
    </div>
    <div class="van-col van-col--6">
      span: 6
    </div>
  </div>
  <div class="van-row van-row--justify-end">
    <div class="van-col van-col--6">
      span: 6
    </div>
    <div class="van-col van-col--6">
      span: 6
    </div>
    <div class="van-col van-col--6">
      span: 6
    </div>
  </div>
  <div class="van-row van-row--justify-space-between">
    <div class="van-col van-col--6">
      span: 6
    </div>
    <div class="van-col van-col--6">
      span: 6
    </div>
    <div class="van-col van-col--6">
      span: 6
    </div>
  </div>
  <div class="van-row van-row--justify-space-around">
    <div class="van-col van-col--6">
      span: 6
    </div>
    <div class="van-col van-col--6">
      span: 6
    </div>
    <div class="van-col van-col--6">
      span: 6
    </div>
  </div>
</div>
`;
