// Jest Snapshot v1, https://goo.gl/fbAQLP

exports[`renders demo correctly 1`] = `
<div>
  <div><button class="van-button van-button--primary van-button--normal van-button--plain"><span class="van-button__text">
      消息提示
    </span></button> <button class="van-button van-button--primary van-button--normal van-button--plain"><span class="van-button__text">
      无标题提示
    </span></button></div>
  <div><button class="van-button van-button--primary van-button--normal van-button--plain"><span class="van-button__text">
      消息确认
    </span></button></div>
  <div><button class="van-button van-button--danger van-button--normal van-button--plain"><span class="van-button__text">
      高级用法
    </span></button>
    <!---->
  </div>
</div>
`;
