// Jest Snapshot v1, https://goo.gl/fbAQLP

exports[`should render demo and match snapshot 1`] = `
<div>
  <div class="van-tabs van-tabs--line">
    <div class="van-tabs__wrap">
      <div role="tablist"
           class="van-tabs__nav van-tabs__nav--line"
           aria-orientation="horizontal"
      >
        <div id="van-tabs-1-0"
             role="tab"
             class="van-tab van-tab--active"
             tabindex="0"
             aria-selected="true"
             aria-controls="van-tab-2"
        >
          <span class="van-tab__text van-tab__text--ellipsis">
            Tab 1
          </span>
        </div>
        <div id="van-tabs-1-1"
             role="tab"
             class="van-tab"
             tabindex="-1"
             aria-selected="false"
             aria-controls="van-tab-3"
        >
          <span class="van-tab__text van-tab__text--ellipsis">
            Tab 2
          </span>
        </div>
        <div id="van-tabs-1-2"
             role="tab"
             class="van-tab"
             tabindex="-1"
             aria-selected="false"
             aria-controls="van-tab-4"
        >
          <span class="van-tab__text van-tab__text--ellipsis">
            Tab 3
          </span>
        </div>
        <div id="van-tabs-1-3"
             role="tab"
             class="van-tab"
             tabindex="-1"
             aria-selected="false"
             aria-controls="van-tab-5"
        >
          <span class="van-tab__text van-tab__text--ellipsis">
            Tab 4
          </span>
        </div>
        <div class="van-tabs__line"
             style="transform: translateX(50px) translateX(-50%);"
        >
        </div>
      </div>
    </div>
    <div class="van-tabs__content">
      <div id="van-tab-2"
           role="tabpanel"
           class="van-tab__pane"
           tabindex="0"
           aria-labelledby="van-tabs-1-0"
           style
      >
        content of tab 1
      </div>
      <div id="van-tab-3"
           role="tabpanel"
           class="van-tab__pane"
           tabindex="-1"
           aria-labelledby="van-tabs-1-1"
           style="display: none;"
      >
      </div>
      <div id="van-tab-4"
           role="tabpanel"
           class="van-tab__pane"
           tabindex="-1"
           aria-labelledby="van-tabs-1-2"
           style="display: none;"
      >
      </div>
      <div id="van-tab-5"
           role="tabpanel"
           class="van-tab__pane"
           tabindex="-1"
           aria-labelledby="van-tabs-1-3"
           style="display: none;"
      >
      </div>
    </div>
  </div>
</div>
<div>
  <div class="van-tabs van-tabs--line">
    <div class="van-tabs__wrap">
      <div role="tablist"
           class="van-tabs__nav van-tabs__nav--line"
           aria-orientation="horizontal"
      >
        <div id="van-tabs-6-0"
             role="tab"
             class="van-tab"
             tabindex="-1"
             aria-selected="false"
             aria-controls="van-tab-7"
        >
          <span class="van-tab__text van-tab__text--ellipsis">
            Tab 1
          </span>
        </div>
        <div id="van-tabs-6-1"
             role="tab"
             class="van-tab van-tab--active"
             tabindex="0"
             aria-selected="true"
             aria-controls="van-tab-8"
        >
          <span class="van-tab__text van-tab__text--ellipsis">
            Tab 2
          </span>
        </div>
        <div id="van-tabs-6-2"
             role="tab"
             class="van-tab"
             tabindex="-1"
             aria-selected="false"
             aria-controls="van-tab-9"
        >
          <span class="van-tab__text van-tab__text--ellipsis">
            Tab 3
          </span>
        </div>
        <div class="van-tabs__line"
             style="transform: translateX(50px) translateX(-50%);"
        >
        </div>
      </div>
    </div>
    <div class="van-tabs__content">
      <div id="van-tab-7"
           role="tabpanel"
           class="van-tab__pane"
           tabindex="-1"
           aria-labelledby="van-tabs-6-0"
           style="display: none;"
      >
      </div>
      <div id="van-tab-8"
           role="tabpanel"
           class="van-tab__pane"
           tabindex="0"
           aria-labelledby="van-tabs-6-1"
           style
      >
        content of tab 2
      </div>
      <div id="van-tab-9"
           role="tabpanel"
           class="van-tab__pane"
           tabindex="-1"
           aria-labelledby="van-tabs-6-2"
           style="display: none;"
      >
      </div>
    </div>
  </div>
</div>
<div>
  <div class="van-tabs van-tabs--line">
    <div class="van-tabs__wrap van-tabs__wrap--scrollable">
      <div role="tablist"
           class="van-tabs__nav van-tabs__nav--line van-tabs__nav--complete"
           aria-orientation="horizontal"
      >
        <div id="van-tabs-10-0"
             role="tab"
             class="van-tab van-tab--active"
             tabindex="0"
             aria-selected="true"
             aria-controls="van-tab-11"
        >
          <span class="van-tab__text">
            Tab 1
          </span>
        </div>
        <div id="van-tabs-10-1"
             role="tab"
             class="van-tab"
             tabindex="-1"
             aria-selected="false"
             aria-controls="van-tab-12"
        >
          <span class="van-tab__text">
            Tab 2
          </span>
        </div>
        <div id="van-tabs-10-2"
             role="tab"
             class="van-tab"
             tabindex="-1"
             aria-selected="false"
             aria-controls="van-tab-13"
        >
          <span class="van-tab__text">
            Tab 3
          </span>
        </div>
        <div id="van-tabs-10-3"
             role="tab"
             class="van-tab"
             tabindex="-1"
             aria-selected="false"
             aria-controls="van-tab-14"
        >
          <span class="van-tab__text">
            Tab 4
          </span>
        </div>
        <div id="van-tabs-10-4"
             role="tab"
             class="van-tab"
             tabindex="-1"
             aria-selected="false"
             aria-controls="van-tab-15"
        >
          <span class="van-tab__text">
            Tab 5
          </span>
        </div>
        <div id="van-tabs-10-5"
             role="tab"
             class="van-tab"
             tabindex="-1"
             aria-selected="false"
             aria-controls="van-tab-16"
        >
          <span class="van-tab__text">
            Tab 6
          </span>
        </div>
        <div id="van-tabs-10-6"
             role="tab"
             class="van-tab"
             tabindex="-1"
             aria-selected="false"
             aria-controls="van-tab-17"
        >
          <span class="van-tab__text">
            Tab 7
          </span>
        </div>
        <div id="van-tabs-10-7"
             role="tab"
             class="van-tab"
             tabindex="-1"
             aria-selected="false"
             aria-controls="van-tab-18"
        >
          <span class="van-tab__text">
            Tab 8
          </span>
        </div>
        <div class="van-tabs__line"
             style="transform: translateX(50px) translateX(-50%);"
        >
        </div>
      </div>
    </div>
    <div class="van-tabs__content">
      <div id="van-tab-11"
           role="tabpanel"
           class="van-tab__pane"
           tabindex="0"
           aria-labelledby="van-tabs-10-0"
           style
      >
        content of tab 1
      </div>
      <div id="van-tab-12"
           role="tabpanel"
           class="van-tab__pane"
           tabindex="-1"
           aria-labelledby="van-tabs-10-1"
           style="display: none;"
      >
      </div>
      <div id="van-tab-13"
           role="tabpanel"
           class="van-tab__pane"
           tabindex="-1"
           aria-labelledby="van-tabs-10-2"
           style="display: none;"
      >
      </div>
      <div id="van-tab-14"
           role="tabpanel"
           class="van-tab__pane"
           tabindex="-1"
           aria-labelledby="van-tabs-10-3"
           style="display: none;"
      >
      </div>
      <div id="van-tab-15"
           role="tabpanel"
           class="van-tab__pane"
           tabindex="-1"
           aria-labelledby="van-tabs-10-4"
           style="display: none;"
      >
      </div>
      <div id="van-tab-16"
           role="tabpanel"
           class="van-tab__pane"
           tabindex="-1"
           aria-labelledby="van-tabs-10-5"
           style="display: none;"
      >
      </div>
      <div id="van-tab-17"
           role="tabpanel"
           class="van-tab__pane"
           tabindex="-1"
           aria-labelledby="van-tabs-10-6"
           style="display: none;"
      >
      </div>
      <div id="van-tab-18"
           role="tabpanel"
           class="van-tab__pane"
           tabindex="-1"
           aria-labelledby="van-tabs-10-7"
           style="display: none;"
      >
      </div>
    </div>
  </div>
</div>
<div>
  <div class="van-tabs van-tabs--line">
    <div class="van-tabs__wrap">
      <div role="tablist"
           class="van-tabs__nav van-tabs__nav--line"
           aria-orientation="horizontal"
      >
        <div id="van-tabs-19-0"
             role="tab"
             class="van-tab van-tab--active"
             tabindex="0"
             aria-selected="true"
             aria-controls="van-tab-20"
        >
          <span class="van-tab__text van-tab__text--ellipsis">
            Tab 1
          </span>
        </div>
        <div id="van-tabs-19-1"
             role="tab"
             class="van-tab van-tab--disabled"
             aria-selected="false"
             aria-disabled="true"
             aria-controls="van-tab-21"
        >
          <span class="van-tab__text van-tab__text--ellipsis">
            Tab 2
          </span>
        </div>
        <div id="van-tabs-19-2"
             role="tab"
             class="van-tab"
             tabindex="-1"
             aria-selected="false"
             aria-controls="van-tab-22"
        >
          <span class="van-tab__text van-tab__text--ellipsis">
            Tab 3
          </span>
        </div>
        <div class="van-tabs__line"
             style="transform: translateX(50px) translateX(-50%);"
        >
        </div>
      </div>
    </div>
    <div class="van-tabs__content">
      <div id="van-tab-20"
           role="tabpanel"
           class="van-tab__pane"
           tabindex="0"
           aria-labelledby="van-tabs-19-0"
           style
      >
        content of tab 1
      </div>
      <div id="van-tab-21"
           role="tabpanel"
           class="van-tab__pane"
           tabindex="-1"
           aria-labelledby="van-tabs-19-1"
           style="display: none;"
      >
      </div>
      <div id="van-tab-22"
           role="tabpanel"
           class="van-tab__pane"
           tabindex="-1"
           aria-labelledby="van-tabs-19-2"
           style="display: none;"
      >
      </div>
    </div>
  </div>
</div>
<div>
  <div class="van-tabs van-tabs--card">
    <div class="van-tabs__wrap">
      <div role="tablist"
           class="van-tabs__nav van-tabs__nav--card"
           aria-orientation="horizontal"
      >
        <div id="van-tabs-23-0"
             role="tab"
             class="van-tab van-tab--active"
             tabindex="0"
             aria-selected="true"
             aria-controls="van-tab-24"
        >
          <span class="van-tab__text van-tab__text--ellipsis">
            Tab 1
          </span>
        </div>
        <div id="van-tabs-23-1"
             role="tab"
             class="van-tab"
             tabindex="-1"
             aria-selected="false"
             aria-controls="van-tab-25"
        >
          <span class="van-tab__text van-tab__text--ellipsis">
            Tab 2
          </span>
        </div>
        <div id="van-tabs-23-2"
             role="tab"
             class="van-tab"
             tabindex="-1"
             aria-selected="false"
             aria-controls="van-tab-26"
        >
          <span class="van-tab__text van-tab__text--ellipsis">
            Tab 3
          </span>
        </div>
      </div>
    </div>
    <div class="van-tabs__content">
      <div id="van-tab-24"
           role="tabpanel"
           class="van-tab__pane"
           tabindex="0"
           aria-labelledby="van-tabs-23-0"
           style
      >
        content of tab 1
      </div>
      <div id="van-tab-25"
           role="tabpanel"
           class="van-tab__pane"
           tabindex="-1"
           aria-labelledby="van-tabs-23-1"
           style="display: none;"
      >
      </div>
      <div id="van-tab-26"
           role="tabpanel"
           class="van-tab__pane"
           tabindex="-1"
           aria-labelledby="van-tabs-23-2"
           style="display: none;"
      >
      </div>
    </div>
  </div>
</div>
<div>
  <div class="van-tabs van-tabs--line">
    <div class="van-tabs__wrap">
      <div role="tablist"
           class="van-tabs__nav van-tabs__nav--line"
           aria-orientation="horizontal"
      >
        <div id="van-tabs-27-0"
             role="tab"
             class="van-tab van-tab--active"
             tabindex="0"
             aria-selected="true"
             aria-controls="van-tab-28"
        >
          <span class="van-tab__text van-tab__text--ellipsis">
            Tab 1
          </span>
        </div>
        <div id="van-tabs-27-1"
             role="tab"
             class="van-tab"
             tabindex="-1"
             aria-selected="false"
             aria-controls="van-tab-29"
        >
          <span class="van-tab__text van-tab__text--ellipsis">
            Tab 2
          </span>
        </div>
        <div class="van-tabs__line"
             style="transform: translateX(50px) translateX(-50%);"
        >
        </div>
      </div>
    </div>
    <div class="van-tabs__content">
      <div id="van-tab-28"
           role="tabpanel"
           class="van-tab__pane"
           tabindex="0"
           aria-labelledby="van-tabs-27-0"
           style
      >
        content of tab 1
      </div>
      <div id="van-tab-29"
           role="tabpanel"
           class="van-tab__pane"
           tabindex="-1"
           aria-labelledby="van-tabs-27-1"
           style="display: none;"
      >
      </div>
    </div>
  </div>
</div>
<div>
  <div class="van-tabs van-tabs--line">
    <div>
      <div class="van-sticky">
        <div class="van-tabs__wrap">
          <div role="tablist"
               class="van-tabs__nav van-tabs__nav--line"
               aria-orientation="horizontal"
          >
            <div id="van-tabs-30-0"
                 role="tab"
                 class="van-tab van-tab--active"
                 tabindex="0"
                 aria-selected="true"
                 aria-controls="van-tab-31"
            >
              <span class="van-tab__text van-tab__text--ellipsis">
                Tab 1
              </span>
            </div>
            <div id="van-tabs-30-1"
                 role="tab"
                 class="van-tab"
                 tabindex="-1"
                 aria-selected="false"
                 aria-controls="van-tab-32"
            >
              <span class="van-tab__text van-tab__text--ellipsis">
                Tab 2
              </span>
            </div>
            <div id="van-tabs-30-2"
                 role="tab"
                 class="van-tab"
                 tabindex="-1"
                 aria-selected="false"
                 aria-controls="van-tab-33"
            >
              <span class="van-tab__text van-tab__text--ellipsis">
                Tab 3
              </span>
            </div>
            <div id="van-tabs-30-3"
                 role="tab"
                 class="van-tab"
                 tabindex="-1"
                 aria-selected="false"
                 aria-controls="van-tab-34"
            >
              <span class="van-tab__text van-tab__text--ellipsis">
                Tab 4
              </span>
            </div>
            <div class="van-tabs__line"
                 style="transform: translateX(50px) translateX(-50%);"
            >
            </div>
          </div>
        </div>
      </div>
    </div>
    <div class="van-tabs__content">
      <div id="van-tab-31"
           role="tabpanel"
           class="van-tab__pane"
           tabindex="0"
           aria-labelledby="van-tabs-30-0"
           style
      >
        content of tab 1
      </div>
      <div id="van-tab-32"
           role="tabpanel"
           class="van-tab__pane"
           tabindex="-1"
           aria-labelledby="van-tabs-30-1"
           style="display: none;"
      >
      </div>
      <div id="van-tab-33"
           role="tabpanel"
           class="van-tab__pane"
           tabindex="-1"
           aria-labelledby="van-tabs-30-2"
           style="display: none;"
      >
      </div>
      <div id="van-tab-34"
           role="tabpanel"
           class="van-tab__pane"
           tabindex="-1"
           aria-labelledby="van-tabs-30-3"
           style="display: none;"
      >
      </div>
    </div>
  </div>
</div>
<div>
  <div class="van-tabs van-tabs--line">
    <div class="van-tabs__wrap">
      <div role="tablist"
           class="van-tabs__nav van-tabs__nav--line"
           aria-orientation="horizontal"
      >
        <div id="van-tabs-35-0"
             role="tab"
             class="van-tab van-tab--active"
             tabindex="0"
             aria-selected="true"
             aria-controls="van-tab-36"
        >
          <span class="van-tab__text van-tab__text--ellipsis">
            <i class="van-badge__wrapper van-icon van-icon-more-o">
            </i>
            Tab
          </span>
        </div>
        <div id="van-tabs-35-1"
             role="tab"
             class="van-tab"
             tabindex="-1"
             aria-selected="false"
             aria-controls="van-tab-37"
        >
          <span class="van-tab__text van-tab__text--ellipsis">
            <i class="van-badge__wrapper van-icon van-icon-more-o">
            </i>
            Tab
          </span>
        </div>
        <div class="van-tabs__line"
             style="transform: translateX(50px) translateX(-50%);"
        >
        </div>
      </div>
    </div>
    <div class="van-tabs__content">
      <div id="van-tab-36"
           role="tabpanel"
           class="van-tab__pane"
           tabindex="0"
           aria-labelledby="van-tabs-35-0"
           style
      >
        content of tab 1
      </div>
      <div id="van-tab-37"
           role="tabpanel"
           class="van-tab__pane"
           tabindex="-1"
           aria-labelledby="van-tabs-35-1"
           style="display: none;"
      >
      </div>
    </div>
  </div>
</div>
<div>
  <div class="van-tabs van-tabs--line">
    <div class="van-tabs__wrap">
      <div role="tablist"
           class="van-tabs__nav van-tabs__nav--line"
           aria-orientation="horizontal"
      >
        <div id="van-tabs-38-0"
             role="tab"
             class="van-tab van-tab--active"
             tabindex="0"
             aria-selected="true"
        >
          <span class="van-tab__text van-tab__text--ellipsis">
            Tab 1
          </span>
        </div>
        <div id="van-tabs-38-1"
             role="tab"
             class="van-tab"
             tabindex="-1"
             aria-selected="false"
        >
          <span class="van-tab__text van-tab__text--ellipsis">
            Tab 2
          </span>
        </div>
        <div id="van-tabs-38-2"
             role="tab"
             class="van-tab"
             tabindex="-1"
             aria-selected="false"
        >
          <span class="van-tab__text van-tab__text--ellipsis">
            Tab 3
          </span>
        </div>
        <div id="van-tabs-38-3"
             role="tab"
             class="van-tab"
             tabindex="-1"
             aria-selected="false"
        >
          <span class="van-tab__text van-tab__text--ellipsis">
            Tab 4
          </span>
        </div>
        <div class="van-tabs__line"
             style="transform: translateX(50px) translateX(-50%);"
        >
        </div>
      </div>
    </div>
    <div class="van-tabs__content van-tabs__content--animated">
      <div class="van-swipe van-tabs__track">
        <div style="transition-duration: 0ms; transform: translateX(0px); width: 400px;"
             class="van-swipe__track"
        >
          <div class="van-swipe-item van-tab__pane-wrapper"
               id="van-tab-39"
               role="tabpanel"
               tabindex="0"
               aria-hidden="false"
               aria-labelledby="van-tabs-38-0"
               style="width: 100px;"
          >
            <div class="van-tab__pane">
              content of tab 1
            </div>
          </div>
          <div class="van-swipe-item van-tab__pane-wrapper van-tab__pane-wrapper--inactive"
               id="van-tab-40"
               role="tabpanel"
               tabindex="-1"
               aria-hidden="true"
               aria-labelledby="van-tabs-38-1"
               style="width: 100px;"
          >
            <div class="van-tab__pane">
              content of tab 2
            </div>
          </div>
          <div class="van-swipe-item van-tab__pane-wrapper van-tab__pane-wrapper--inactive"
               id="van-tab-41"
               role="tabpanel"
               tabindex="-1"
               aria-hidden="true"
               aria-labelledby="van-tabs-38-2"
               style="width: 100px;"
          >
          </div>
          <div class="van-swipe-item van-tab__pane-wrapper van-tab__pane-wrapper--inactive"
               id="van-tab-42"
               role="tabpanel"
               tabindex="-1"
               aria-hidden="true"
               aria-labelledby="van-tabs-38-3"
               style="width: 100px;"
          >
          </div>
        </div>
      </div>
    </div>
  </div>
</div>
<div>
  <div class="van-tabs van-tabs--line">
    <div class="van-tabs__wrap">
      <div role="tablist"
           class="van-tabs__nav van-tabs__nav--line"
           aria-orientation="horizontal"
      >
        <div id="van-tabs-43-0"
             role="tab"
             class="van-tab van-tab--active"
             tabindex="0"
             aria-selected="true"
        >
          <span class="van-tab__text van-tab__text--ellipsis">
            Tab 1
          </span>
        </div>
        <div id="van-tabs-43-1"
             role="tab"
             class="van-tab"
             tabindex="-1"
             aria-selected="false"
        >
          <span class="van-tab__text van-tab__text--ellipsis">
            Tab 2
          </span>
        </div>
        <div id="van-tabs-43-2"
             role="tab"
             class="van-tab"
             tabindex="-1"
             aria-selected="false"
        >
          <span class="van-tab__text van-tab__text--ellipsis">
            Tab 3
          </span>
        </div>
        <div id="van-tabs-43-3"
             role="tab"
             class="van-tab"
             tabindex="-1"
             aria-selected="false"
        >
          <span class="van-tab__text van-tab__text--ellipsis">
            Tab 4
          </span>
        </div>
        <div class="van-tabs__line"
             style="transform: translateX(50px) translateX(-50%);"
        >
        </div>
      </div>
    </div>
    <div class="van-tabs__content van-tabs__content--animated">
      <div class="van-swipe van-tabs__track">
        <div style="transition-duration: 0ms; transform: translateX(0px); width: 400px;"
             class="van-swipe__track"
        >
          <div class="van-swipe-item van-tab__pane-wrapper"
               id="van-tab-44"
               role="tabpanel"
               tabindex="0"
               aria-hidden="false"
               aria-labelledby="van-tabs-43-0"
               style="width: 100px;"
          >
            <div class="van-tab__pane">
              content of tab 1
            </div>
          </div>
          <div class="van-swipe-item van-tab__pane-wrapper van-tab__pane-wrapper--inactive"
               id="van-tab-45"
               role="tabpanel"
               tabindex="-1"
               aria-hidden="true"
               aria-labelledby="van-tabs-43-1"
               style="width: 100px;"
          >
            <div class="van-tab__pane">
              content of tab 2
            </div>
          </div>
          <div class="van-swipe-item van-tab__pane-wrapper van-tab__pane-wrapper--inactive"
               id="van-tab-46"
               role="tabpanel"
               tabindex="-1"
               aria-hidden="true"
               aria-labelledby="van-tabs-43-2"
               style="width: 100px;"
          >
          </div>
          <div class="van-swipe-item van-tab__pane-wrapper van-tab__pane-wrapper--inactive"
               id="van-tab-47"
               role="tabpanel"
               tabindex="-1"
               aria-hidden="true"
               aria-labelledby="van-tabs-43-3"
               style="width: 100px;"
          >
          </div>
        </div>
      </div>
    </div>
  </div>
</div>
<div>
  <div class="van-tabs van-tabs--line">
    <div>
      <div class="van-sticky">
        <div class="van-tabs__wrap van-tabs__wrap--scrollable">
          <div role="tablist"
               class="van-tabs__nav van-tabs__nav--line van-tabs__nav--complete"
               aria-orientation="horizontal"
          >
            <div id="van-tabs-48-0"
                 role="tab"
                 class="van-tab van-tab--active"
                 tabindex="0"
                 aria-selected="true"
                 aria-controls="van-tab-49"
            >
              <span class="van-tab__text">
                Tab 1
              </span>
            </div>
            <div id="van-tabs-48-1"
                 role="tab"
                 class="van-tab"
                 tabindex="-1"
                 aria-selected="false"
                 aria-controls="van-tab-50"
            >
              <span class="van-tab__text">
                Tab 2
              </span>
            </div>
            <div id="van-tabs-48-2"
                 role="tab"
                 class="van-tab"
                 tabindex="-1"
                 aria-selected="false"
                 aria-controls="van-tab-51"
            >
              <span class="van-tab__text">
                Tab 3
              </span>
            </div>
            <div id="van-tabs-48-3"
                 role="tab"
                 class="van-tab"
                 tabindex="-1"
                 aria-selected="false"
                 aria-controls="van-tab-52"
            >
              <span class="van-tab__text">
                Tab 4
              </span>
            </div>
            <div id="van-tabs-48-4"
                 role="tab"
                 class="van-tab"
                 tabindex="-1"
                 aria-selected="false"
                 aria-controls="van-tab-53"
            >
              <span class="van-tab__text">
                Tab 5
              </span>
            </div>
            <div id="van-tabs-48-5"
                 role="tab"
                 class="van-tab"
                 tabindex="-1"
                 aria-selected="false"
                 aria-controls="van-tab-54"
            >
              <span class="van-tab__text">
                Tab 6
              </span>
            </div>
            <div id="van-tabs-48-6"
                 role="tab"
                 class="van-tab"
                 tabindex="-1"
                 aria-selected="false"
                 aria-controls="van-tab-55"
            >
              <span class="van-tab__text">
                Tab 7
              </span>
            </div>
            <div id="van-tabs-48-7"
                 role="tab"
                 class="van-tab"
                 tabindex="-1"
                 aria-selected="false"
                 aria-controls="van-tab-56"
            >
              <span class="van-tab__text">
                Tab 8
              </span>
            </div>
            <div class="van-tabs__line"
                 style="transform: translateX(50px) translateX(-50%);"
            >
            </div>
          </div>
        </div>
      </div>
    </div>
    <div class="van-tabs__content">
      <div id="van-tab-49"
           role="tabpanel"
           class="van-tab__pane"
           tabindex="0"
           aria-labelledby="van-tabs-48-0"
      >
        content of tab 1
      </div>
      <div id="van-tab-50"
           role="tabpanel"
           class="van-tab__pane"
           tabindex="0"
           aria-labelledby="van-tabs-48-1"
      >
        content of tab 2
      </div>
      <div id="van-tab-51"
           role="tabpanel"
           class="van-tab__pane"
           tabindex="0"
           aria-labelledby="van-tabs-48-2"
      >
        content of tab 3
      </div>
      <div id="van-tab-52"
           role="tabpanel"
           class="van-tab__pane"
           tabindex="0"
           aria-labelledby="van-tabs-48-3"
      >
        content of tab 4
      </div>
      <div id="van-tab-53"
           role="tabpanel"
           class="van-tab__pane"
           tabindex="0"
           aria-labelledby="van-tabs-48-4"
      >
        content of tab 5
      </div>
      <div id="van-tab-54"
           role="tabpanel"
           class="van-tab__pane"
           tabindex="0"
           aria-labelledby="van-tabs-48-5"
      >
        content of tab 6
      </div>
      <div id="van-tab-55"
           role="tabpanel"
           class="van-tab__pane"
           tabindex="0"
           aria-labelledby="van-tabs-48-6"
      >
        content of tab 7
      </div>
      <div id="van-tab-56"
           role="tabpanel"
           class="van-tab__pane"
           tabindex="0"
           aria-labelledby="van-tabs-48-7"
      >
        content of tab 8
      </div>
    </div>
  </div>
</div>
<div>
  <div class="van-tabs van-tabs--line">
    <div class="van-tabs__wrap">
      <div role="tablist"
           class="van-tabs__nav van-tabs__nav--line"
           aria-orientation="horizontal"
      >
        <div id="van-tabs-57-0"
             role="tab"
             class="van-tab van-tab--active"
             tabindex="0"
             aria-selected="true"
             aria-controls="van-tab-58"
        >
          <span class="van-tab__text van-tab__text--ellipsis">
            Tab 1
          </span>
        </div>
        <div id="van-tabs-57-1"
             role="tab"
             class="van-tab"
             tabindex="-1"
             aria-selected="false"
             aria-controls="van-tab-59"
        >
          <span class="van-tab__text van-tab__text--ellipsis">
            Tab 2
          </span>
        </div>
        <div id="van-tabs-57-2"
             role="tab"
             class="van-tab"
             tabindex="-1"
             aria-selected="false"
             aria-controls="van-tab-60"
        >
          <span class="van-tab__text van-tab__text--ellipsis">
            Tab 3
          </span>
        </div>
        <div id="van-tabs-57-3"
             role="tab"
             class="van-tab"
             tabindex="-1"
             aria-selected="false"
             aria-controls="van-tab-61"
        >
          <span class="van-tab__text van-tab__text--ellipsis">
            Tab 4
          </span>
        </div>
        <div class="van-tabs__line"
             style="transform: translateX(50px) translateX(-50%);"
        >
        </div>
      </div>
    </div>
    <div class="van-tabs__content">
      <div id="van-tab-58"
           role="tabpanel"
           class="van-tab__pane"
           tabindex="0"
           aria-labelledby="van-tabs-57-0"
           style
      >
        content of tab 1
      </div>
      <div id="van-tab-59"
           role="tabpanel"
           class="van-tab__pane"
           tabindex="-1"
           aria-labelledby="van-tabs-57-1"
           style="display: none;"
      >
      </div>
      <div id="van-tab-60"
           role="tabpanel"
           class="van-tab__pane"
           tabindex="-1"
           aria-labelledby="van-tabs-57-2"
           style="display: none;"
      >
      </div>
      <div id="van-tab-61"
           role="tabpanel"
           class="van-tab__pane"
           tabindex="-1"
           aria-labelledby="van-tabs-57-3"
           style="display: none;"
      >
      </div>
    </div>
  </div>
</div>
`;
