// Jest Snapshot v1, https://goo.gl/fbAQLP

exports[`should render demo and match snapshot 1`] = `
<div>
  <div class="van-cell van-cell--clickable" role="button" tabindex="0">
    <!---->
    <div class="van-cell__title"><span>选择单个日期</span>
      <!---->
    </div>
    <!----><i class="van-badge__wrapper van-icon van-icon-arrow van-cell__right-icon">
      <!---->
      <!---->
      <!----></i>
    <!---->
  </div>
  <div class="van-cell van-cell--clickable" role="button" tabindex="0">
    <!---->
    <div class="van-cell__title"><span>选择多个日期</span>
      <!---->
    </div>
    <!----><i class="van-badge__wrapper van-icon van-icon-arrow van-cell__right-icon">
      <!---->
      <!---->
      <!----></i>
    <!---->
  </div>
  <div class="van-cell van-cell--clickable" role="button" tabindex="0">
    <!---->
    <div class="van-cell__title"><span>选择日期区间</span>
      <!---->
    </div>
    <!----><i class="van-badge__wrapper van-icon van-icon-arrow van-cell__right-icon">
      <!---->
      <!---->
      <!----></i>
    <!---->
  </div>
</div>
<div>
  <div class="van-cell van-cell--clickable" role="button" tabindex="0">
    <!---->
    <div class="van-cell__title"><span>选择单个日期</span>
      <!---->
    </div>
    <!----><i class="van-badge__wrapper van-icon van-icon-arrow van-cell__right-icon">
      <!---->
      <!---->
      <!----></i>
    <!---->
  </div>
  <div class="van-cell van-cell--clickable" role="button" tabindex="0">
    <!---->
    <div class="van-cell__title"><span>选择日期区间</span>
      <!---->
    </div>
    <!----><i class="van-badge__wrapper van-icon van-icon-arrow van-cell__right-icon">
      <!---->
      <!---->
      <!----></i>
    <!---->
  </div>
</div>
<div>
  <div class="van-cell van-cell--clickable" role="button" tabindex="0">
    <!---->
    <div class="van-cell__title"><span>自定义颜色</span>
      <!---->
    </div>
    <!----><i class="van-badge__wrapper van-icon van-icon-arrow van-cell__right-icon">
      <!---->
      <!---->
      <!----></i>
    <!---->
  </div>
  <div class="van-cell van-cell--clickable" role="button" tabindex="0">
    <!---->
    <div class="van-cell__title"><span>自定义日期范围</span>
      <!---->
    </div>
    <!----><i class="van-badge__wrapper van-icon van-icon-arrow van-cell__right-icon">
      <!---->
      <!---->
      <!----></i>
    <!---->
  </div>
  <div class="van-cell van-cell--clickable" role="button" tabindex="0">
    <!---->
    <div class="van-cell__title"><span>自定义按钮文字</span>
      <!---->
    </div>
    <!----><i class="van-badge__wrapper van-icon van-icon-arrow van-cell__right-icon">
      <!---->
      <!---->
      <!----></i>
    <!---->
  </div>
  <div class="van-cell van-cell--clickable" role="button" tabindex="0">
    <!---->
    <div class="van-cell__title"><span>自定义日期文案</span>
      <!---->
    </div>
    <!----><i class="van-badge__wrapper van-icon van-icon-arrow van-cell__right-icon">
      <!---->
      <!---->
      <!----></i>
    <!---->
  </div>
  <div class="van-cell van-cell--clickable" role="button" tabindex="0">
    <!---->
    <div class="van-cell__title"><span>自定义弹出位置</span>
      <!---->
    </div>
    <!----><i class="van-badge__wrapper van-icon van-icon-arrow van-cell__right-icon">
      <!---->
      <!---->
      <!----></i>
    <!---->
  </div>
  <div class="van-cell van-cell--clickable" role="button" tabindex="0">
    <!---->
    <div class="van-cell__title"><span>日期区间最大范围</span>
      <!---->
    </div>
    <!----><i class="van-badge__wrapper van-icon van-icon-arrow van-cell__right-icon">
      <!---->
      <!---->
      <!----></i>
    <!---->
  </div>
  <div class="van-cell van-cell--clickable" role="button" tabindex="0">
    <!---->
    <div class="van-cell__title"><span>自定义周起始日</span>
      <!---->
    </div>
    <!----><i class="van-badge__wrapper van-icon van-icon-arrow van-cell__right-icon">
      <!---->
      <!---->
      <!----></i>
    <!---->
  </div>
</div>
<div>
  <div class="van-calendar" style="height: 500px;">
    <div class="van-calendar__header">
      <div class="van-calendar__header-title">日历</div>
      <div class="van-calendar__header-subtitle"></div>
      <div class="van-calendar__weekdays"><span class="van-calendar__weekday">日</span><span class="van-calendar__weekday">一</span><span class="van-calendar__weekday">二</span><span class="van-calendar__weekday">三</span><span class="van-calendar__weekday">四</span><span class="van-calendar__weekday">五</span><span class="van-calendar__weekday">六</span></div>
    </div>
    <div class="van-calendar__body">
      <div class="van-calendar__month">
        <!---->
        <div role="grid" class="van-calendar__days">
          <!---->
          <div role="gridcell" style="width: 100%;" class="van-calendar__day van-calendar__day--placeholder" tabindex="-1">
            <!---->
            <!---->
            <!---->
          </div>
          <div role="gridcell" style="width: 100%;" class="van-calendar__day van-calendar__day--placeholder" tabindex="-1">
            <!---->
            <!---->
            <!---->
          </div>
          <div role="gridcell" style="width: 100%;" class="van-calendar__day van-calendar__day--placeholder" tabindex="-1">
            <!---->
            <!---->
            <!---->
          </div>
          <div role="gridcell" style="width: 100%;" class="van-calendar__day van-calendar__day--placeholder" tabindex="-1">
            <!---->
            <!---->
            <!---->
          </div>
          <div role="gridcell" style="width: 100%;" class="van-calendar__day van-calendar__day--placeholder" tabindex="-1">
            <!---->
            <!---->
            <!---->
          </div>
        </div>
      </div>
      <div class="van-calendar__month">
        <div class="van-calendar__month-title">2012年2月</div>
        <div role="grid" class="van-calendar__days">
          <!---->
          <div role="gridcell" style="width: 100%;" class="van-calendar__day van-calendar__day--placeholder" tabindex="-1">
            <!---->
            <!---->
            <!---->
          </div>
          <div role="gridcell" style="width: 100%;" class="van-calendar__day van-calendar__day--placeholder" tabindex="-1">
            <!---->
            <!---->
            <!---->
          </div>
          <div role="gridcell" style="width: 100%;" class="van-calendar__day van-calendar__day--placeholder" tabindex="-1">
            <!---->
            <!---->
            <!---->
          </div>
          <div role="gridcell" style="width: 100%;" class="van-calendar__day van-calendar__day--placeholder" tabindex="-1">
            <!---->
            <!---->
            <!---->
          </div>
          <div role="gridcell" style="width: 100%;" class="van-calendar__day van-calendar__day--placeholder" tabindex="-1">
            <!---->
            <!---->
            <!---->
          </div>
        </div>
      </div>
      <div class="van-calendar__month">
        <div class="van-calendar__month-title">2012年3月</div>
        <div role="grid" class="van-calendar__days">
          <!---->
          <div role="gridcell" style="width: 100%;" class="van-calendar__day van-calendar__day--placeholder" tabindex="-1">
            <!---->
            <!---->
            <!---->
          </div>
          <div role="gridcell" style="width: 100%;" class="van-calendar__day van-calendar__day--placeholder" tabindex="-1">
            <!---->
            <!---->
            <!---->
          </div>
          <div role="gridcell" style="width: 100%;" class="van-calendar__day van-calendar__day--placeholder" tabindex="-1">
            <!---->
            <!---->
            <!---->
          </div>
          <div role="gridcell" style="width: 100%;" class="van-calendar__day van-calendar__day--placeholder" tabindex="-1">
            <!---->
            <!---->
            <!---->
          </div>
          <div role="gridcell" style="width: 100%;" class="van-calendar__day van-calendar__day--placeholder" tabindex="-1">
            <!---->
            <!---->
            <!---->
          </div>
        </div>
      </div>
    </div>
    <div class="van-calendar__footer">
      <!---->
    </div>
  </div>
</div>
<transition-stub>
  <!---->
</transition-stub>
<transition-stub>
  <!---->
</transition-stub>
`;
