// Jest Snapshot v1, https://goo.gl/fbAQLP

exports[`should render content correctly 1`] = `
<div class="van-ellipsis">
  Vant is a lightweight, customizable mobile component library th...
  <span class="van-ellipsis__action">
  </span>
</div>
`;
