// Jest Snapshot v1, https://goo.gl/fbAQLP

exports[`renders demo correctly 1`] = `
<div>
  <div>
    <div class="van-picker van-datetime-picker">
      <div class="van-hairline--top-bottom van-picker__toolbar">
        <div class="van-picker__cancel">取消</div>
        <div class="van-picker__confirm">确认</div>
      </div>
      <!---->
      <div class="van-picker__columns" style="height: 220px;">
        <div class="van-picker-column" style="height: 220px;">
          <ul style="transform: translate3d(0, 88px, 0); transition-timing-function: cubic-bezier(0.23, 1, 0.32, 1); transition-duration: 0ms; line-height: 44px;">
            <li data-index="0" class="van-ellipsis van-picker-column__item van-picker-column__item--selected" style="height: 44px;">2018</li>
            <li data-index="1" class="van-ellipsis van-picker-column__item" style="height: 44px;">2019</li>
          </ul>
        </div>
        <div class="van-picker-column" style="height: 220px;">
          <ul style="transform: translate3d(0, 88px, 0); transition-timing-function: cubic-bezier(0.23, 1, 0.32, 1); transition-duration: 0ms; line-height: 44px;">
            <li data-index="0" class="van-ellipsis van-picker-column__item van-picker-column__item--selected" style="height: 44px;">01</li>
            <li data-index="1" class="van-ellipsis van-picker-column__item" style="height: 44px;">02</li>
            <li data-index="2" class="van-ellipsis van-picker-column__item" style="height: 44px;">03</li>
            <li data-index="3" class="van-ellipsis van-picker-column__item" style="height: 44px;">04</li>
            <li data-index="4" class="van-ellipsis van-picker-column__item" style="height: 44px;">05</li>
            <li data-index="5" class="van-ellipsis van-picker-column__item" style="height: 44px;">06</li>
            <li data-index="6" class="van-ellipsis van-picker-column__item" style="height: 44px;">07</li>
            <li data-index="7" class="van-ellipsis van-picker-column__item" style="height: 44px;">08</li>
            <li data-index="8" class="van-ellipsis van-picker-column__item" style="height: 44px;">09</li>
            <li data-index="9" class="van-ellipsis van-picker-column__item" style="height: 44px;">10</li>
            <li data-index="10" class="van-ellipsis van-picker-column__item" style="height: 44px;">11</li>
            <li data-index="11" class="van-ellipsis van-picker-column__item" style="height: 44px;">12</li>
          </ul>
        </div>
        <div class="van-picker-column" style="height: 220px;">
          <ul style="transform: translate3d(0, 88px, 0); transition-timing-function: cubic-bezier(0.23, 1, 0.32, 1); transition-duration: 0ms; line-height: 44px;">
            <li data-index="0" class="van-ellipsis van-picker-column__item van-picker-column__item--selected" style="height: 44px;">01</li>
            <li data-index="1" class="van-ellipsis van-picker-column__item" style="height: 44px;">02</li>
            <li data-index="2" class="van-ellipsis van-picker-column__item" style="height: 44px;">03</li>
            <li data-index="3" class="van-ellipsis van-picker-column__item" style="height: 44px;">04</li>
            <li data-index="4" class="van-ellipsis van-picker-column__item" style="height: 44px;">05</li>
            <li data-index="5" class="van-ellipsis van-picker-column__item" style="height: 44px;">06</li>
            <li data-index="6" class="van-ellipsis van-picker-column__item" style="height: 44px;">07</li>
            <li data-index="7" class="van-ellipsis van-picker-column__item" style="height: 44px;">08</li>
            <li data-index="8" class="van-ellipsis van-picker-column__item" style="height: 44px;">09</li>
            <li data-index="9" class="van-ellipsis van-picker-column__item" style="height: 44px;">10</li>
            <li data-index="10" class="van-ellipsis van-picker-column__item" style="height: 44px;">11</li>
            <li data-index="11" class="van-ellipsis van-picker-column__item" style="height: 44px;">12</li>
            <li data-index="12" class="van-ellipsis van-picker-column__item" style="height: 44px;">13</li>
            <li data-index="13" class="van-ellipsis van-picker-column__item" style="height: 44px;">14</li>
            <li data-index="14" class="van-ellipsis van-picker-column__item" style="height: 44px;">15</li>
            <li data-index="15" class="van-ellipsis van-picker-column__item" style="height: 44px;">16</li>
            <li data-index="16" class="van-ellipsis van-picker-column__item" style="height: 44px;">17</li>
            <li data-index="17" class="van-ellipsis van-picker-column__item" style="height: 44px;">18</li>
            <li data-index="18" class="van-ellipsis van-picker-column__item" style="height: 44px;">19</li>
            <li data-index="19" class="van-ellipsis van-picker-column__item" style="height: 44px;">20</li>
            <li data-index="20" class="van-ellipsis van-picker-column__item" style="height: 44px;">21</li>
            <li data-index="21" class="van-ellipsis van-picker-column__item" style="height: 44px;">22</li>
            <li data-index="22" class="van-ellipsis van-picker-column__item" style="height: 44px;">23</li>
            <li data-index="23" class="van-ellipsis van-picker-column__item" style="height: 44px;">24</li>
            <li data-index="24" class="van-ellipsis van-picker-column__item" style="height: 44px;">25</li>
            <li data-index="25" class="van-ellipsis van-picker-column__item" style="height: 44px;">26</li>
            <li data-index="26" class="van-ellipsis van-picker-column__item" style="height: 44px;">27</li>
            <li data-index="27" class="van-ellipsis van-picker-column__item" style="height: 44px;">28</li>
            <li data-index="28" class="van-ellipsis van-picker-column__item" style="height: 44px;">29</li>
            <li data-index="29" class="van-ellipsis van-picker-column__item" style="height: 44px;">30</li>
            <li data-index="30" class="van-ellipsis van-picker-column__item" style="height: 44px;">31</li>
          </ul>
        </div>
        <div class="van-picker-column" style="height: 220px;">
          <ul style="transform: translate3d(0, 88px, 0); transition-timing-function: cubic-bezier(0.23, 1, 0.32, 1); transition-duration: 0ms; line-height: 44px;">
            <li data-index="0" class="van-ellipsis van-picker-column__item van-picker-column__item--selected" style="height: 44px;">00</li>
            <li data-index="1" class="van-ellipsis van-picker-column__item" style="height: 44px;">01</li>
            <li data-index="2" class="van-ellipsis van-picker-column__item" style="height: 44px;">02</li>
            <li data-index="3" class="van-ellipsis van-picker-column__item" style="height: 44px;">03</li>
            <li data-index="4" class="van-ellipsis van-picker-column__item" style="height: 44px;">04</li>
            <li data-index="5" class="van-ellipsis van-picker-column__item" style="height: 44px;">05</li>
            <li data-index="6" class="van-ellipsis van-picker-column__item" style="height: 44px;">06</li>
            <li data-index="7" class="van-ellipsis van-picker-column__item" style="height: 44px;">07</li>
            <li data-index="8" class="van-ellipsis van-picker-column__item" style="height: 44px;">08</li>
            <li data-index="9" class="van-ellipsis van-picker-column__item" style="height: 44px;">09</li>
            <li data-index="10" class="van-ellipsis van-picker-column__item" style="height: 44px;">10</li>
            <li data-index="11" class="van-ellipsis van-picker-column__item" style="height: 44px;">11</li>
            <li data-index="12" class="van-ellipsis van-picker-column__item" style="height: 44px;">12</li>
            <li data-index="13" class="van-ellipsis van-picker-column__item" style="height: 44px;">13</li>
            <li data-index="14" class="van-ellipsis van-picker-column__item" style="height: 44px;">14</li>
            <li data-index="15" class="van-ellipsis van-picker-column__item" style="height: 44px;">15</li>
            <li data-index="16" class="van-ellipsis van-picker-column__item" style="height: 44px;">16</li>
            <li data-index="17" class="van-ellipsis van-picker-column__item" style="height: 44px;">17</li>
            <li data-index="18" class="van-ellipsis van-picker-column__item" style="height: 44px;">18</li>
            <li data-index="19" class="van-ellipsis van-picker-column__item" style="height: 44px;">19</li>
            <li data-index="20" class="van-ellipsis van-picker-column__item" style="height: 44px;">20</li>
            <li data-index="21" class="van-ellipsis van-picker-column__item" style="height: 44px;">21</li>
            <li data-index="22" class="van-ellipsis van-picker-column__item" style="height: 44px;">22</li>
            <li data-index="23" class="van-ellipsis van-picker-column__item" style="height: 44px;">23</li>
          </ul>
        </div>
        <div class="van-picker-column" style="height: 220px;">
          <ul style="transform: translate3d(0, 88px, 0); transition-timing-function: cubic-bezier(0.23, 1, 0.32, 1); transition-duration: 0ms; line-height: 44px;">
            <li data-index="0" class="van-ellipsis van-picker-column__item van-picker-column__item--selected" style="height: 44px;">00</li>
            <li data-index="1" class="van-ellipsis van-picker-column__item" style="height: 44px;">01</li>
            <li data-index="2" class="van-ellipsis van-picker-column__item" style="height: 44px;">02</li>
            <li data-index="3" class="van-ellipsis van-picker-column__item" style="height: 44px;">03</li>
            <li data-index="4" class="van-ellipsis van-picker-column__item" style="height: 44px;">04</li>
            <li data-index="5" class="van-ellipsis van-picker-column__item" style="height: 44px;">05</li>
            <li data-index="6" class="van-ellipsis van-picker-column__item" style="height: 44px;">06</li>
            <li data-index="7" class="van-ellipsis van-picker-column__item" style="height: 44px;">07</li>
            <li data-index="8" class="van-ellipsis van-picker-column__item" style="height: 44px;">08</li>
            <li data-index="9" class="van-ellipsis van-picker-column__item" style="height: 44px;">09</li>
            <li data-index="10" class="van-ellipsis van-picker-column__item" style="height: 44px;">10</li>
            <li data-index="11" class="van-ellipsis van-picker-column__item" style="height: 44px;">11</li>
            <li data-index="12" class="van-ellipsis van-picker-column__item" style="height: 44px;">12</li>
            <li data-index="13" class="van-ellipsis van-picker-column__item" style="height: 44px;">13</li>
            <li data-index="14" class="van-ellipsis van-picker-column__item" style="height: 44px;">14</li>
            <li data-index="15" class="van-ellipsis van-picker-column__item" style="height: 44px;">15</li>
            <li data-index="16" class="van-ellipsis van-picker-column__item" style="height: 44px;">16</li>
            <li data-index="17" class="van-ellipsis van-picker-column__item" style="height: 44px;">17</li>
            <li data-index="18" class="van-ellipsis van-picker-column__item" style="height: 44px;">18</li>
            <li data-index="19" class="van-ellipsis van-picker-column__item" style="height: 44px;">19</li>
            <li data-index="20" class="van-ellipsis van-picker-column__item" style="height: 44px;">20</li>
            <li data-index="21" class="van-ellipsis van-picker-column__item" style="height: 44px;">21</li>
            <li data-index="22" class="van-ellipsis van-picker-column__item" style="height: 44px;">22</li>
            <li data-index="23" class="van-ellipsis van-picker-column__item" style="height: 44px;">23</li>
            <li data-index="24" class="van-ellipsis van-picker-column__item" style="height: 44px;">24</li>
            <li data-index="25" class="van-ellipsis van-picker-column__item" style="height: 44px;">25</li>
            <li data-index="26" class="van-ellipsis van-picker-column__item" style="height: 44px;">26</li>
            <li data-index="27" class="van-ellipsis van-picker-column__item" style="height: 44px;">27</li>
            <li data-index="28" class="van-ellipsis van-picker-column__item" style="height: 44px;">28</li>
            <li data-index="29" class="van-ellipsis van-picker-column__item" style="height: 44px;">29</li>
            <li data-index="30" class="van-ellipsis van-picker-column__item" style="height: 44px;">30</li>
            <li data-index="31" class="van-ellipsis van-picker-column__item" style="height: 44px;">31</li>
            <li data-index="32" class="van-ellipsis van-picker-column__item" style="height: 44px;">32</li>
            <li data-index="33" class="van-ellipsis van-picker-column__item" style="height: 44px;">33</li>
            <li data-index="34" class="van-ellipsis van-picker-column__item" style="height: 44px;">34</li>
            <li data-index="35" class="van-ellipsis van-picker-column__item" style="height: 44px;">35</li>
            <li data-index="36" class="van-ellipsis van-picker-column__item" style="height: 44px;">36</li>
            <li data-index="37" class="van-ellipsis van-picker-column__item" style="height: 44px;">37</li>
            <li data-index="38" class="van-ellipsis van-picker-column__item" style="height: 44px;">38</li>
            <li data-index="39" class="van-ellipsis van-picker-column__item" style="height: 44px;">39</li>
            <li data-index="40" class="van-ellipsis van-picker-column__item" style="height: 44px;">40</li>
            <li data-index="41" class="van-ellipsis van-picker-column__item" style="height: 44px;">41</li>
            <li data-index="42" class="van-ellipsis van-picker-column__item" style="height: 44px;">42</li>
            <li data-index="43" class="van-ellipsis van-picker-column__item" style="height: 44px;">43</li>
            <li data-index="44" class="van-ellipsis van-picker-column__item" style="height: 44px;">44</li>
            <li data-index="45" class="van-ellipsis van-picker-column__item" style="height: 44px;">45</li>
            <li data-index="46" class="van-ellipsis van-picker-column__item" style="height: 44px;">46</li>
            <li data-index="47" class="van-ellipsis van-picker-column__item" style="height: 44px;">47</li>
            <li data-index="48" class="van-ellipsis van-picker-column__item" style="height: 44px;">48</li>
            <li data-index="49" class="van-ellipsis van-picker-column__item" style="height: 44px;">49</li>
            <li data-index="50" class="van-ellipsis van-picker-column__item" style="height: 44px;">50</li>
            <li data-index="51" class="van-ellipsis van-picker-column__item" style="height: 44px;">51</li>
            <li data-index="52" class="van-ellipsis van-picker-column__item" style="height: 44px;">52</li>
            <li data-index="53" class="van-ellipsis van-picker-column__item" style="height: 44px;">53</li>
            <li data-index="54" class="van-ellipsis van-picker-column__item" style="height: 44px;">54</li>
            <li data-index="55" class="van-ellipsis van-picker-column__item" style="height: 44px;">55</li>
            <li data-index="56" class="van-ellipsis van-picker-column__item" style="height: 44px;">56</li>
            <li data-index="57" class="van-ellipsis van-picker-column__item" style="height: 44px;">57</li>
            <li data-index="58" class="van-ellipsis van-picker-column__item" style="height: 44px;">58</li>
            <li data-index="59" class="van-ellipsis van-picker-column__item" style="height: 44px;">59</li>
          </ul>
        </div>
        <div class="van-picker__mask" style="background-size: 100% 88px;"></div>
        <div class="van-hairline--top-bottom van-picker__frame" style="height: 44px;"></div>
      </div>
    </div>
  </div>
  <div>
    <div class="van-picker van-datetime-picker">
      <div class="van-hairline--top-bottom van-picker__toolbar">
        <div class="van-picker__cancel">取消</div>
        <div class="van-picker__confirm">确认</div>
      </div>
      <!---->
      <div class="van-picker__columns" style="height: 220px;">
        <div class="van-picker-column" style="height: 220px;">
          <ul style="transform: translate3d(0, 88px, 0); transition-timing-function: cubic-bezier(0.23, 1, 0.32, 1); transition-duration: 0ms; line-height: 44px;">
            <li data-index="0" class="van-ellipsis van-picker-column__item van-picker-column__item--selected" style="height: 44px;">2018</li>
            <li data-index="1" class="van-ellipsis van-picker-column__item" style="height: 44px;">2019</li>
            <li data-index="2" class="van-ellipsis van-picker-column__item" style="height: 44px;">2020</li>
            <li data-index="3" class="van-ellipsis van-picker-column__item" style="height: 44px;">2021</li>
            <li data-index="4" class="van-ellipsis van-picker-column__item" style="height: 44px;">2022</li>
            <li data-index="5" class="van-ellipsis van-picker-column__item" style="height: 44px;">2023</li>
            <li data-index="6" class="van-ellipsis van-picker-column__item" style="height: 44px;">2024</li>
            <li data-index="7" class="van-ellipsis van-picker-column__item" style="height: 44px;">2025</li>
            <li data-index="8" class="van-ellipsis van-picker-column__item" style="height: 44px;">2026</li>
            <li data-index="9" class="van-ellipsis van-picker-column__item" style="height: 44px;">2027</li>
            <li data-index="10" class="van-ellipsis van-picker-column__item" style="height: 44px;">2028</li>
            <li data-index="11" class="van-ellipsis van-picker-column__item" style="height: 44px;">2029</li>
          </ul>
        </div>
        <div class="van-picker-column" style="height: 220px;">
          <ul style="transform: translate3d(0, 88px, 0); transition-timing-function: cubic-bezier(0.23, 1, 0.32, 1); transition-duration: 0ms; line-height: 44px;">
            <li data-index="0" class="van-ellipsis van-picker-column__item van-picker-column__item--selected" style="height: 44px;">01</li>
            <li data-index="1" class="van-ellipsis van-picker-column__item" style="height: 44px;">02</li>
            <li data-index="2" class="van-ellipsis van-picker-column__item" style="height: 44px;">03</li>
            <li data-index="3" class="van-ellipsis van-picker-column__item" style="height: 44px;">04</li>
            <li data-index="4" class="van-ellipsis van-picker-column__item" style="height: 44px;">05</li>
            <li data-index="5" class="van-ellipsis van-picker-column__item" style="height: 44px;">06</li>
            <li data-index="6" class="van-ellipsis van-picker-column__item" style="height: 44px;">07</li>
            <li data-index="7" class="van-ellipsis van-picker-column__item" style="height: 44px;">08</li>
            <li data-index="8" class="van-ellipsis van-picker-column__item" style="height: 44px;">09</li>
            <li data-index="9" class="van-ellipsis van-picker-column__item" style="height: 44px;">10</li>
            <li data-index="10" class="van-ellipsis van-picker-column__item" style="height: 44px;">11</li>
            <li data-index="11" class="van-ellipsis van-picker-column__item" style="height: 44px;">12</li>
          </ul>
        </div>
        <div class="van-picker-column" style="height: 220px;">
          <ul style="transform: translate3d(0, 88px, 0); transition-timing-function: cubic-bezier(0.23, 1, 0.32, 1); transition-duration: 0ms; line-height: 44px;">
            <li data-index="0" class="van-ellipsis van-picker-column__item van-picker-column__item--selected" style="height: 44px;">01</li>
            <li data-index="1" class="van-ellipsis van-picker-column__item" style="height: 44px;">02</li>
            <li data-index="2" class="van-ellipsis van-picker-column__item" style="height: 44px;">03</li>
            <li data-index="3" class="van-ellipsis van-picker-column__item" style="height: 44px;">04</li>
            <li data-index="4" class="van-ellipsis van-picker-column__item" style="height: 44px;">05</li>
            <li data-index="5" class="van-ellipsis van-picker-column__item" style="height: 44px;">06</li>
            <li data-index="6" class="van-ellipsis van-picker-column__item" style="height: 44px;">07</li>
            <li data-index="7" class="van-ellipsis van-picker-column__item" style="height: 44px;">08</li>
            <li data-index="8" class="van-ellipsis van-picker-column__item" style="height: 44px;">09</li>
            <li data-index="9" class="van-ellipsis van-picker-column__item" style="height: 44px;">10</li>
            <li data-index="10" class="van-ellipsis van-picker-column__item" style="height: 44px;">11</li>
            <li data-index="11" class="van-ellipsis van-picker-column__item" style="height: 44px;">12</li>
            <li data-index="12" class="van-ellipsis van-picker-column__item" style="height: 44px;">13</li>
            <li data-index="13" class="van-ellipsis van-picker-column__item" style="height: 44px;">14</li>
            <li data-index="14" class="van-ellipsis van-picker-column__item" style="height: 44px;">15</li>
            <li data-index="15" class="van-ellipsis van-picker-column__item" style="height: 44px;">16</li>
            <li data-index="16" class="van-ellipsis van-picker-column__item" style="height: 44px;">17</li>
            <li data-index="17" class="van-ellipsis van-picker-column__item" style="height: 44px;">18</li>
            <li data-index="18" class="van-ellipsis van-picker-column__item" style="height: 44px;">19</li>
            <li data-index="19" class="van-ellipsis van-picker-column__item" style="height: 44px;">20</li>
            <li data-index="20" class="van-ellipsis van-picker-column__item" style="height: 44px;">21</li>
            <li data-index="21" class="van-ellipsis van-picker-column__item" style="height: 44px;">22</li>
            <li data-index="22" class="van-ellipsis van-picker-column__item" style="height: 44px;">23</li>
            <li data-index="23" class="van-ellipsis van-picker-column__item" style="height: 44px;">24</li>
            <li data-index="24" class="van-ellipsis van-picker-column__item" style="height: 44px;">25</li>
            <li data-index="25" class="van-ellipsis van-picker-column__item" style="height: 44px;">26</li>
            <li data-index="26" class="van-ellipsis van-picker-column__item" style="height: 44px;">27</li>
            <li data-index="27" class="van-ellipsis van-picker-column__item" style="height: 44px;">28</li>
            <li data-index="28" class="van-ellipsis van-picker-column__item" style="height: 44px;">29</li>
            <li data-index="29" class="van-ellipsis van-picker-column__item" style="height: 44px;">30</li>
            <li data-index="30" class="van-ellipsis van-picker-column__item" style="height: 44px;">31</li>
          </ul>
        </div>
        <div class="van-picker__mask" style="background-size: 100% 88px;"></div>
        <div class="van-hairline--top-bottom van-picker__frame" style="height: 44px;"></div>
      </div>
    </div>
  </div>
  <div>
    <div class="van-picker van-datetime-picker">
      <div class="van-hairline--top-bottom van-picker__toolbar">
        <div class="van-picker__cancel">取消</div>
        <div class="van-picker__confirm">确认</div>
      </div>
      <!---->
      <div class="van-picker__columns" style="height: 220px;">
        <div class="van-picker-column" style="height: 220px;">
          <ul style="transform: translate3d(0, 88px, 0); transition-timing-function: cubic-bezier(0.23, 1, 0.32, 1); transition-duration: 0ms; line-height: 44px;">
            <li data-index="0" class="van-ellipsis van-picker-column__item van-picker-column__item--selected" style="height: 44px;">2018年</li>
            <li data-index="1" class="van-ellipsis van-picker-column__item" style="height: 44px;">2019年</li>
            <li data-index="2" class="van-ellipsis van-picker-column__item" style="height: 44px;">2020年</li>
            <li data-index="3" class="van-ellipsis van-picker-column__item" style="height: 44px;">2021年</li>
            <li data-index="4" class="van-ellipsis van-picker-column__item" style="height: 44px;">2022年</li>
            <li data-index="5" class="van-ellipsis van-picker-column__item" style="height: 44px;">2023年</li>
            <li data-index="6" class="van-ellipsis van-picker-column__item" style="height: 44px;">2024年</li>
            <li data-index="7" class="van-ellipsis van-picker-column__item" style="height: 44px;">2025年</li>
            <li data-index="8" class="van-ellipsis van-picker-column__item" style="height: 44px;">2026年</li>
            <li data-index="9" class="van-ellipsis van-picker-column__item" style="height: 44px;">2027年</li>
            <li data-index="10" class="van-ellipsis van-picker-column__item" style="height: 44px;">2028年</li>
            <li data-index="11" class="van-ellipsis van-picker-column__item" style="height: 44px;">2029年</li>
          </ul>
        </div>
        <div class="van-picker-column" style="height: 220px;">
          <ul style="transform: translate3d(0, 88px, 0); transition-timing-function: cubic-bezier(0.23, 1, 0.32, 1); transition-duration: 0ms; line-height: 44px;">
            <li data-index="0" class="van-ellipsis van-picker-column__item van-picker-column__item--selected" style="height: 44px;">01月</li>
            <li data-index="1" class="van-ellipsis van-picker-column__item" style="height: 44px;">02月</li>
            <li data-index="2" class="van-ellipsis van-picker-column__item" style="height: 44px;">03月</li>
            <li data-index="3" class="van-ellipsis van-picker-column__item" style="height: 44px;">04月</li>
            <li data-index="4" class="van-ellipsis van-picker-column__item" style="height: 44px;">05月</li>
            <li data-index="5" class="van-ellipsis van-picker-column__item" style="height: 44px;">06月</li>
            <li data-index="6" class="van-ellipsis van-picker-column__item" style="height: 44px;">07月</li>
            <li data-index="7" class="van-ellipsis van-picker-column__item" style="height: 44px;">08月</li>
            <li data-index="8" class="van-ellipsis van-picker-column__item" style="height: 44px;">09月</li>
            <li data-index="9" class="van-ellipsis van-picker-column__item" style="height: 44px;">10月</li>
            <li data-index="10" class="van-ellipsis van-picker-column__item" style="height: 44px;">11月</li>
            <li data-index="11" class="van-ellipsis van-picker-column__item" style="height: 44px;">12月</li>
          </ul>
        </div>
        <div class="van-picker__mask" style="background-size: 100% 88px;"></div>
        <div class="van-hairline--top-bottom van-picker__frame" style="height: 44px;"></div>
      </div>
    </div>
  </div>
  <div>
    <div class="van-picker van-datetime-picker">
      <div class="van-hairline--top-bottom van-picker__toolbar">
        <div class="van-picker__cancel">取消</div>
        <div class="van-picker__confirm">确认</div>
      </div>
      <!---->
      <div class="van-picker__columns" style="height: 220px;">
        <div class="van-picker-column" style="height: 220px;">
          <ul style="transform: translate3d(0, 0px, 0); transition-timing-function: cubic-bezier(0.23, 1, 0.32, 1); transition-duration: 0ms; line-height: 44px;">
            <li data-index="0" class="van-ellipsis van-picker-column__item" style="height: 44px;">10</li>
            <li data-index="1" class="van-ellipsis van-picker-column__item" style="height: 44px;">11</li>
            <li data-index="2" class="van-ellipsis van-picker-column__item van-picker-column__item--selected" style="height: 44px;">12</li>
            <li data-index="3" class="van-ellipsis van-picker-column__item" style="height: 44px;">13</li>
            <li data-index="4" class="van-ellipsis van-picker-column__item" style="height: 44px;">14</li>
            <li data-index="5" class="van-ellipsis van-picker-column__item" style="height: 44px;">15</li>
            <li data-index="6" class="van-ellipsis van-picker-column__item" style="height: 44px;">16</li>
            <li data-index="7" class="van-ellipsis van-picker-column__item" style="height: 44px;">17</li>
            <li data-index="8" class="van-ellipsis van-picker-column__item" style="height: 44px;">18</li>
            <li data-index="9" class="van-ellipsis van-picker-column__item" style="height: 44px;">19</li>
            <li data-index="10" class="van-ellipsis van-picker-column__item" style="height: 44px;">20</li>
          </ul>
        </div>
        <div class="van-picker-column" style="height: 220px;">
          <ul style="transform: translate3d(0, 88px, 0); transition-timing-function: cubic-bezier(0.23, 1, 0.32, 1); transition-duration: 0ms; line-height: 44px;">
            <li data-index="0" class="van-ellipsis van-picker-column__item van-picker-column__item--selected" style="height: 44px;">00</li>
            <li data-index="1" class="van-ellipsis van-picker-column__item" style="height: 44px;">01</li>
            <li data-index="2" class="van-ellipsis van-picker-column__item" style="height: 44px;">02</li>
            <li data-index="3" class="van-ellipsis van-picker-column__item" style="height: 44px;">03</li>
            <li data-index="4" class="van-ellipsis van-picker-column__item" style="height: 44px;">04</li>
            <li data-index="5" class="van-ellipsis van-picker-column__item" style="height: 44px;">05</li>
            <li data-index="6" class="van-ellipsis van-picker-column__item" style="height: 44px;">06</li>
            <li data-index="7" class="van-ellipsis van-picker-column__item" style="height: 44px;">07</li>
            <li data-index="8" class="van-ellipsis van-picker-column__item" style="height: 44px;">08</li>
            <li data-index="9" class="van-ellipsis van-picker-column__item" style="height: 44px;">09</li>
            <li data-index="10" class="van-ellipsis van-picker-column__item" style="height: 44px;">10</li>
            <li data-index="11" class="van-ellipsis van-picker-column__item" style="height: 44px;">11</li>
            <li data-index="12" class="van-ellipsis van-picker-column__item" style="height: 44px;">12</li>
            <li data-index="13" class="van-ellipsis van-picker-column__item" style="height: 44px;">13</li>
            <li data-index="14" class="van-ellipsis van-picker-column__item" style="height: 44px;">14</li>
            <li data-index="15" class="van-ellipsis van-picker-column__item" style="height: 44px;">15</li>
            <li data-index="16" class="van-ellipsis van-picker-column__item" style="height: 44px;">16</li>
            <li data-index="17" class="van-ellipsis van-picker-column__item" style="height: 44px;">17</li>
            <li data-index="18" class="van-ellipsis van-picker-column__item" style="height: 44px;">18</li>
            <li data-index="19" class="van-ellipsis van-picker-column__item" style="height: 44px;">19</li>
            <li data-index="20" class="van-ellipsis van-picker-column__item" style="height: 44px;">20</li>
            <li data-index="21" class="van-ellipsis van-picker-column__item" style="height: 44px;">21</li>
            <li data-index="22" class="van-ellipsis van-picker-column__item" style="height: 44px;">22</li>
            <li data-index="23" class="van-ellipsis van-picker-column__item" style="height: 44px;">23</li>
            <li data-index="24" class="van-ellipsis van-picker-column__item" style="height: 44px;">24</li>
            <li data-index="25" class="van-ellipsis van-picker-column__item" style="height: 44px;">25</li>
            <li data-index="26" class="van-ellipsis van-picker-column__item" style="height: 44px;">26</li>
            <li data-index="27" class="van-ellipsis van-picker-column__item" style="height: 44px;">27</li>
            <li data-index="28" class="van-ellipsis van-picker-column__item" style="height: 44px;">28</li>
            <li data-index="29" class="van-ellipsis van-picker-column__item" style="height: 44px;">29</li>
            <li data-index="30" class="van-ellipsis van-picker-column__item" style="height: 44px;">30</li>
            <li data-index="31" class="van-ellipsis van-picker-column__item" style="height: 44px;">31</li>
            <li data-index="32" class="van-ellipsis van-picker-column__item" style="height: 44px;">32</li>
            <li data-index="33" class="van-ellipsis van-picker-column__item" style="height: 44px;">33</li>
            <li data-index="34" class="van-ellipsis van-picker-column__item" style="height: 44px;">34</li>
            <li data-index="35" class="van-ellipsis van-picker-column__item" style="height: 44px;">35</li>
            <li data-index="36" class="van-ellipsis van-picker-column__item" style="height: 44px;">36</li>
            <li data-index="37" class="van-ellipsis van-picker-column__item" style="height: 44px;">37</li>
            <li data-index="38" class="van-ellipsis van-picker-column__item" style="height: 44px;">38</li>
            <li data-index="39" class="van-ellipsis van-picker-column__item" style="height: 44px;">39</li>
            <li data-index="40" class="van-ellipsis van-picker-column__item" style="height: 44px;">40</li>
            <li data-index="41" class="van-ellipsis van-picker-column__item" style="height: 44px;">41</li>
            <li data-index="42" class="van-ellipsis van-picker-column__item" style="height: 44px;">42</li>
            <li data-index="43" class="van-ellipsis van-picker-column__item" style="height: 44px;">43</li>
            <li data-index="44" class="van-ellipsis van-picker-column__item" style="height: 44px;">44</li>
            <li data-index="45" class="van-ellipsis van-picker-column__item" style="height: 44px;">45</li>
            <li data-index="46" class="van-ellipsis van-picker-column__item" style="height: 44px;">46</li>
            <li data-index="47" class="van-ellipsis van-picker-column__item" style="height: 44px;">47</li>
            <li data-index="48" class="van-ellipsis van-picker-column__item" style="height: 44px;">48</li>
            <li data-index="49" class="van-ellipsis van-picker-column__item" style="height: 44px;">49</li>
            <li data-index="50" class="van-ellipsis van-picker-column__item" style="height: 44px;">50</li>
            <li data-index="51" class="van-ellipsis van-picker-column__item" style="height: 44px;">51</li>
            <li data-index="52" class="van-ellipsis van-picker-column__item" style="height: 44px;">52</li>
            <li data-index="53" class="van-ellipsis van-picker-column__item" style="height: 44px;">53</li>
            <li data-index="54" class="van-ellipsis van-picker-column__item" style="height: 44px;">54</li>
            <li data-index="55" class="van-ellipsis van-picker-column__item" style="height: 44px;">55</li>
            <li data-index="56" class="van-ellipsis van-picker-column__item" style="height: 44px;">56</li>
            <li data-index="57" class="van-ellipsis van-picker-column__item" style="height: 44px;">57</li>
            <li data-index="58" class="van-ellipsis van-picker-column__item" style="height: 44px;">58</li>
            <li data-index="59" class="van-ellipsis van-picker-column__item" style="height: 44px;">59</li>
          </ul>
        </div>
        <div class="van-picker__mask" style="background-size: 100% 88px;"></div>
        <div class="van-hairline--top-bottom van-picker__frame" style="height: 44px;"></div>
      </div>
    </div>
  </div>
</div>
`;
